==============================================================================
Tests                                                                         
==============================================================================
Tests.Test Saving Wiki Articles :: To validate the Login form                 
==============================================================================
End To End Topic Search/Bookmark Validation                           | PASS |
------------------------------------------------------------------------------
Tests.Test Saving Wiki Articles :: To validate the Login form         | PASS |
1 test, 1 passed, 0 failed
==============================================================================
Tests                                                                 | PASS |
1 test, 1 passed, 0 failed
==============================================================================
Output:  /Users/zacharysanchez/PycharmProjects/WikiRobotFrame/tests/pabot_results/1/output.xml
